12:38:49 **** Incremental Build of configuration Debug for project MKS11 ****
make -j4 all 
arm-none-eabi-gcc "../Core/Src/main.c" -mcpu=cortex-m4 -std=gnu11 -g3 -DDEBUG -DRFM95_SPI_TIMEOUT=100 -DUSE_HAL_DRIVER -DSTM32F429xx -c -I../Core/Inc -I../Drivers/STM32F4xx_HAL_Driver/Inc -I../Drivers/STM32F4xx_HAL_Driver/Inc/Legacy -I../Drivers/CMSIS/Device/ST/STM32F4xx/Include -I../Drivers/CMSIS/Include -I../Drivers/stm32-hal-rfm95-master -O0 -ffunction-sections -fdata-sections -Wall -fstack-usage -fcyclomatic-complexity -MMD -MP -MF"Core/Src/main.d" -MT"Core/Src/main.o" --specs=nano.specs -mfpu=fpv4-sp-d16 -mfloat-abi=hard -mthumb -o "Core/Src/main.o"
arm-none-eabi-gcc -o "MKS11.elf" @"objects.list"   -mcpu=cortex-m4 -T"C:\Temp\ondrejka\MKS\MKS11\STM32F429ZITX_FLASH.ld" --specs=nosys.specs -Wl,-Map="MKS11.map" -Wl,--gc-sections -static --specs=nano.specs -mfpu=fpv4-sp-d16 -mfloat-abi=hard -mthumb -Wl,--start-group -lc -lm -Wl,--end-group
Finished building target: MKS11.elf
 
arm-none-eabi-size  MKS11.elf 
arm-none-eabi-objdump -h -S MKS11.elf  > "MKS11.list"
   text	   data	    bss	    dec	    hex	filename
  29444	    544	   2168	  32156	   7d9c	MKS11.elf
Finished building: default.size.stdout
 
Finished building: MKS11.list
 

12:38:51 Build Finished. 0 errors, 0 warnings. (took 1s.551ms)

