12:22:25 **** Incremental Build of configuration Debug for project MKS3 ****
make -j4 all 
arm-none-eabi-gcc "../Core/Src/main.c" -mcpu=cortex-m0 -std=gnu11 -g3 -DDEBUG -DUSE_HAL_DRIVER -DSTM32F030x8 -c -I../Core/Inc -I../Drivers/STM32F0xx_HAL_Driver/Inc -I../Drivers/STM32F0xx_HAL_Driver/Inc/Legacy -I../Drivers/CMSIS/Device/ST/STM32F0xx/Include -I../Drivers/CMSIS/Include -O0 -ffunction-sections -fdata-sections -Wall -fstack-usage -fcyclomatic-complexity -MMD -MP -MF"Core/Src/main.d" -MT"Core/Src/main.o" --specs=nano.specs -mfloat-abi=soft -mthumb -o "Core/Src/main.o"
arm-none-eabi-gcc -o "MKS3.elf" @"objects.list"   -mcpu=cortex-m0 -T"C:\Temp\ondrejka\MKS\MKS3\STM32F030R8TX_FLASH.ld" --specs=nosys.specs -Wl,-Map="MKS3.map" -Wl,--gc-sections -static --specs=nano.specs -mfloat-abi=soft -mthumb -Wl,--start-group -lc -lm -Wl,--end-group
Finished building target: MKS3.elf
 
arm-none-eabi-size  MKS3.elf 
arm-none-eabi-objdump -h -S MKS3.elf  > "MKS3.list"
   text	   data	    bss	    dec	    hex	filename
   7752	     12	   1708	   9472	   2500	MKS3.elf
Finished building: default.size.stdout
 
Finished building: MKS3.list
 

12:22:26 Build Finished. 0 errors, 0 warnings. (took 1s.112ms)

