12:46:00 **** Incremental Build of configuration Debug for project MKS6 ****
make -j4 all 
arm-none-eabi-gcc "../Core/Src/main.c" -mcpu=cortex-m0 -std=gnu11 -g3 -DDEBUG -DUSE_HAL_DRIVER -DSTM32F030x8 -c -I../Core/Inc -I../Drivers/STM32F0xx_HAL_Driver/Inc -I../Drivers/STM32F0xx_HAL_Driver/Inc/Legacy -I../Drivers/CMSIS/Device/ST/STM32F0xx/Include -I../Drivers/CMSIS/Include -O0 -ffunction-sections -fdata-sections -Wall -fstack-usage -fcyclomatic-complexity -MMD -MP -MF"Core/Src/main.d" -MT"Core/Src/main.o" --specs=nano.specs -mfloat-abi=soft -mthumb -o "Core/Src/main.o"
../Core/Src/main.c: In function 'main':
../Core/Src/main.c:112:11: warning: unused variable 'converting' [-Wunused-variable]
  112 |   uint8_t converting = 0;
      |           ^~~~~~~~~~
arm-none-eabi-gcc -o "MKS6.elf" @"objects.list"   -mcpu=cortex-m0 -T"C:\Temp\ondrejka\MKS\MKS6\STM32F030R8TX_FLASH.ld" --specs=nosys.specs -Wl,-Map="MKS6.map" -Wl,--gc-sections -static --specs=nano.specs -mfloat-abi=soft -mthumb -Wl,--start-group -lc -lm -Wl,--end-group
Finished building target: MKS6.elf
 
arm-none-eabi-size  MKS6.elf 
arm-none-eabi-objdump -h -S MKS6.elf  > "MKS6.list"
   text	   data	    bss	    dec	    hex	filename
  12516	     12	   1772	  14300	   37dc	MKS6.elf
Finished building: default.size.stdout
 
Finished building: MKS6.list
 

12:46:01 Build Finished. 0 errors, 1 warnings. (took 1s.154ms)

